tr: 82 чанков по <= 60
te: 13 чанков по <= 60
всего заданий: 380  (пропущу уже готовые)
к запуску: 86, уже готово: 294
  [1/380] 3NXU tr_0013.sdf rc=0 1602s  осталось 85  ETA 37.8 ч
  [2/380] 3NXU tr_0009.sdf rc=0 1656s  осталось 84  ETA 19.3 ч
  [3/380] 3NXU tr_0014.sdf rc=0 1700s  осталось 83  ETA 13.1 ч
  [4/380] 3NXU tr_0012.sdf rc=0 1716s  осталось 82  ETA 9.8 ч
  [5/380] 3NXU tr_0011.sdf rc=0 1750s  осталось 81  ETA 7.9 ч
  [6/380] 3NXU tr_0010.sdf rc=0 1769s  осталось 80  ETA 6.6 ч
  [7/380] 3NXU tr_0017.sdf rc=0 1773s  осталось 79  ETA 10.9 ч
  [8/380] 3NXU tr_0019.sdf rc=0 1769s  осталось 78  ETA 9.5 ч
  [9/380] 3NXU tr_0018.sdf rc=0 1813s  осталось 77  ETA 8.4 ч
  [10/380] 3NXU tr_0015.sdf rc=0 1998s  осталось 76  ETA 7.6 ч
  [11/380] 3NXU tr_0016.sdf rc=0 1958s  осталось 75  ETA 6.8 ч
  [12/380] 3NXU tr_0020.sdf rc=0 1869s  осталось 74  ETA 6.2 ч
  [13/380] 3NXU tr_0023.sdf rc=0 1720s  осталось 73  ETA 8.2 ч
  [14/380] 3NXU tr_0021.sdf rc=0 1829s  осталось 72  ETA 7.6 ч
  [15/380] 3NXU tr_0022.sdf rc=0 1799s  осталось 71  ETA 7.0 ч
  [16/380] 3NXU tr_0026.sdf rc=0 1867s  осталось 70  ETA 6.7 ч
  [17/380] 3NXU tr_0024.sdf rc=0 1947s  осталось 69  ETA 6.3 ч
  [18/380] 3NXU tr_0025.sdf rc=0 2093s  осталось 68  ETA 6.0 ч
  [19/380] 3NXU tr_0027.sdf rc=0 1479s  осталось 67  ETA 6.6 ч
  [20/380] 3NXU tr_0028.sdf rc=0 1515s  осталось 66  ETA 6.2 ч
  [21/380] 3NXU tr_0031.sdf rc=0 1295s  осталось 65  ETA 5.9 ч
  [22/380] 3NXU tr_0029.sdf rc=0 1620s  осталось 64  ETA 5.6 ч
  [23/380] 3NXU tr_0030.sdf rc=0 1433s  осталось 63  ETA 5.3 ч
  [24/380] 3NXU tr_0032.sdf rc=0 1413s  осталось 62  ETA 5.1 ч
  [25/380] 3NXU tr_0035.sdf rc=0 1355s  осталось 61  ETA 5.6 ч
  [26/380] 3NXU tr_0033.sdf rc=0 1481s  осталось 60  ETA 5.3 ч
  [27/380] 3NXU tr_0037.sdf rc=0 1337s  осталось 59  ETA 5.0 ч
  [28/380] 3NXU tr_0036.sdf rc=0 1357s  осталось 58  ETA 4.8 ч
  [29/380] 3NXU tr_0034.sdf rc=0 1573s  осталось 57  ETA 4.6 ч
  [30/380] 3NXU tr_0038.sdf rc=0 1437s  осталось 56  ETA 4.4 ч
  [31/380] 3NXU tr_0040.sdf rc=0 1263s  осталось 55  ETA 4.7 ч
  [32/380] 3NXU tr_0039.sdf rc=0 1303s  осталось 54  ETA 4.5 ч
  [33/380] 3NXU tr_0041.sdf rc=0 1341s  осталось 53  ETA 4.3 ч
  [34/380] 3NXU tr_0043.sdf rc=0 1271s  осталось 52  ETA 4.1 ч
  [35/380] 3NXU tr_0042.sdf rc=0 1452s  осталось 51  ETA 3.9 ч
  [36/380] 3NXU tr_0044.sdf rc=0 1294s  осталось 50  ETA 3.8 ч
  [37/380] 3NXU tr_0046.sdf rc=0 1149s  осталось 49  ETA 3.9 ч
  [38/380] 3NXU tr_0045.sdf rc=0 1179s  осталось 48  ETA 3.7 ч
  [39/380] 3NXU tr_0047.sdf rc=0 1165s  осталось 47  ETA 3.6 ч
  [40/380] 3NXU tr_0048.sdf rc=0 1137s  осталось 46  ETA 3.4 ч
  [41/380] 3NXU tr_0049.sdf rc=0 1117s  осталось 45  ETA 3.3 ч
  [42/380] 3NXU tr_0050.sdf rc=0 1048s  осталось 44  ETA 3.2 ч
  [43/380] 3NXU tr_0051.sdf rc=0 1133s  осталось 43  ETA 3.3 ч
  [44/380] 3NXU tr_0052.sdf rc=0 1131s  осталось 42  ETA 3.1 ч
  [45/380] 3NXU tr_0053.sdf rc=0 1022s  осталось 41  ETA 3.0 ч
  [46/380] 3NXU tr_0054.sdf rc=0 1082s  осталось 40  ETA 2.9 ч
  [47/380] 3NXU tr_0056.sdf rc=0 1100s  осталось 39  ETA 2.8 ч
  [48/380] 3NXU tr_0055.sdf rc=0 1183s  осталось 38  ETA 2.6 ч
  [49/380] 3NXU tr_0058.sdf rc=0 1131s  осталось 37  ETA 2.7 ч
  [50/380] 3NXU tr_0059.sdf rc=0 1157s  осталось 36  ETA 2.6 ч
  [51/380] 3NXU tr_0057.sdf rc=0 1227s  осталось 35  ETA 2.5 ч
  [52/380] 3NXU tr_0060.sdf rc=0 1271s  осталось 34  ETA 2.4 ч
  [53/380] 3NXU tr_0061.sdf rc=0 1191s  осталось 33  ETA 2.3 ч
  [54/380] 3NXU tr_0062.sdf rc=0 1227s  осталось 32  ETA 2.2 ч
  [55/380] 3NXU tr_0063.sdf rc=0 1119s  осталось 31  ETA 2.2 ч
  [56/380] 3NXU tr_0064.sdf rc=0 1189s  осталось 30  ETA 2.1 ч
  [57/380] 3NXU tr_0065.sdf rc=0 1259s  осталось 29  ETA 2.0 ч
  [58/380] 3NXU tr_0066.sdf rc=0 1317s  осталось 28  ETA 1.9 ч
  [59/380] 3NXU tr_0067.sdf rc=0 1279s  осталось 27  ETA 1.8 ч
  [60/380] 3NXU tr_0068.sdf rc=0 1207s  осталось 26  ETA 1.7 ч
  [61/380] 3NXU tr_0069.sdf rc=0 1161s  осталось 25  ETA 1.7 ч
  [62/380] 3NXU tr_0071.sdf rc=0 1008s  осталось 24  ETA 1.6 ч
  [63/380] 3NXU tr_0074.sdf rc=0 968s  осталось 23  ETA 1.6 ч
  [64/380] 3NXU tr_0073.sdf rc=0 1086s  осталось 22  ETA 1.5 ч
  [65/380] 3NXU tr_0070.sdf rc=0 1608s  осталось 21  ETA 1.4 ч
  [66/380] 3NXU tr_0072.sdf rc=0 1383s  осталось 20  ETA 1.3 ч
  [67/380] 3NXU tr_0075.sdf rc=0 964s  осталось 19  ETA 1.3 ч
  [68/380] 3NXU tr_0076.sdf rc=0 956s  осталось 18  ETA 1.2 ч
  [69/380] 3NXU tr_0077.sdf rc=0 934s  осталось 17  ETA 1.1 ч
  [70/380] 3NXU tr_0078.sdf rc=0 948s  осталось 16  ETA 1.0 ч
  [71/380] 3NXU tr_0081.sdf rc=0 628s  осталось 15  ETA 1.0 ч
  [72/380] 3NXU tr_0079.sdf rc=0 1052s  осталось 14  ETA 0.9 ч
  [73/380] 3NXU tr_0080.sdf rc=0 978s  осталось 13  ETA 0.8 ч
  [74/380] 3NXU te_0000.sdf rc=0 994s  осталось 12  ETA 0.8 ч
  [75/380] 3NXU te_0001.sdf rc=0 1104s  осталось 11  ETA 0.7 ч
  [76/380] 3NXU te_0002.sdf rc=0 994s  осталось 10  ETA 0.6 ч
  [77/380] 3NXU te_0003.sdf rc=0 976s  осталось 9  ETA 0.6 ч
  [78/380] 3NXU te_0004.sdf rc=0 1064s  осталось 8  ETA 0.5 ч
  [79/380] 3NXU te_0005.sdf rc=0 1106s  осталось 7  ETA 0.4 ч
  [80/380] 3NXU te_0006.sdf rc=0 924s  осталось 6  ETA 0.4 ч
  [81/380] 3NXU te_0007.sdf rc=0 1022s  осталось 5  ETA 0.3 ч
  [82/380] 3NXU te_0008.sdf rc=0 1148s  осталось 4  ETA 0.3 ч
  [83/380] 3NXU te_0012.sdf rc=0 566s  осталось 3  ETA 0.2 ч
  [84/380] 3NXU te_0009.sdf rc=0 1060s  осталось 2  ETA 0.1 ч
  [85/380] 3NXU te_0010.sdf rc=0 978s  осталось 1  ETA 0.1 ч
  [86/380] 3NXU te_0011.sdf rc=0 1247s  осталось 0  ETA 0.0 ч

сбор по полостям (разобрано / поз на диске):
    CYP1A2   5652 /   5652 = 100.00%
    CYP2C9   5652 /   5652 = 100.00%
    CYP2D6   5652 /   5652 = 100.00%
    CYP3A4   5652 /   5652 = 100.00%

покрытие (train, test) по ферментам: {'CYP1A2': (4902, 750), 'CYP2C9': (4902, 750), 'CYP2D6': (4902, 750), 'CYP3A4': (4902, 750)}
полных строк: train 4902/4905, test 750/750
сохранено: /Users/nikitapolomosnov/PycharmProjects/CYPChallenge/data/dock.npz

Как читать. Это СЫРЫЕ аффинности по четырём полостям, не признак. Признак --- КОНТРАСТ:
вычесть из каждой строки её среднее по четырём полостям. Общая часть (размер, липофильность) у нас
уже есть, и она же несёт объёмный конфаунд CYP3A4 (пункт 199: корреляция с числом атомов +0.283
даже после центрирования, потому что полость огромна, а эталон --- ритонавир на 98 атомов).
Оценивать блок только предрегистрированной абляцией по рангу после аффинной пары, на свежих сидах,
и помнить, что контраст между полостями и есть встроенный контроль неверной изоформой.
