матрица сходства 4905x4905
готова
опора: is_base_74 обучающий 0.175, маска 2D6 0.355, ТЕСТ 0.104

--- весь пул 4905, отбор по потентности: 726 уникальных, is_base_74 0.114
      CYP1A2: сдвиг +0.189 [+0.136, +0.251]  sd 0.996
      CYP2C9: сдвиг +0.227 [+0.173, +0.325]  sd 1.057
      CYP2D6: сдвиг +0.210 [+0.148, +0.262]  sd 1.101
      CYP3A4: сдвиг +0.426 [+0.350, +0.491]  sd 1.028
--- весь пул 4905, КОНТРОЛЬ: случайные якоря: 746 уникальных, is_base_74 0.129
      CYP1A2: сдвиг -0.019 [-0.085, +0.057]  sd 1.006
      CYP2C9: сдвиг +0.010 [-0.038, +0.068]  sd 0.975
      CYP2D6: сдвиг -0.016 [-0.077, +0.052]  sd 1.027
      CYP3A4: сдвиг +0.086 [-0.006, +0.180]  sd 0.989
--- пул 75 %, отбор по потентности: 730 уникальных, is_base_74 0.109
      CYP1A2: сдвиг +0.162 [+0.104, +0.239]  sd 0.986
      CYP2C9: сдвиг +0.174 [+0.112, +0.219]  sd 1.031
      CYP2D6: сдвиг +0.119 [+0.049, +0.198]  sd 1.117
      CYP3A4: сдвиг +0.385 [+0.321, +0.446]  sd 1.011
--- пул 75 %, КОНТРОЛЬ: случайные якоря: 747 уникальных, is_base_74 0.129
      CYP1A2: сдвиг -0.037 [-0.108, +0.028]  sd 1.008
      CYP2C9: сдвиг +0.006 [-0.050, +0.064]  sd 0.970
      CYP2D6: сдвиг -0.002 [-0.082, +0.072]  sd 1.037
      CYP3A4: сдвиг +0.056 [-0.020, +0.146]  sd 0.993
--- пул 50 %, отбор по потентности: 728 уникальных, is_base_74 0.115
      CYP1A2: сдвиг +0.114 [+0.053, +0.172]  sd 1.002
      CYP2C9: сдвиг +0.135 [+0.075, +0.199]  sd 0.998
      CYP2D6: сдвиг +0.038 [-0.025, +0.098]  sd 1.105
      CYP3A4: сдвиг +0.312 [+0.235, +0.374]  sd 1.005
--- пул 50 %, КОНТРОЛЬ: случайные якоря: 747 уникальных, is_base_74 0.132
      CYP1A2: сдвиг -0.029 [-0.110, +0.055]  sd 1.012
      CYP2C9: сдвиг +0.004 [-0.038, +0.051]  sd 0.978
      CYP2D6: сдвиг -0.007 [-0.066, +0.059]  sd 1.009
      CYP3A4: сдвиг +0.032 [-0.058, +0.107]  sd 0.983

ЧИСТЫЙ ВКЛАД ОТБОРА (отбор минус контроль)
arm                   КОНТРОЛЬ: случайные якоря  отбор по потентности  чистый
pool          cyp                                                            
весь пул 4905 CYP1A2                     -0.019                 0.189   0.209
              CYP2C9                      0.010                 0.227   0.217
              CYP2D6                     -0.016                 0.210   0.226
              CYP3A4                      0.086                 0.426   0.341
пул 50 %      CYP1A2                     -0.029                 0.114   0.143
              CYP2C9                      0.004                 0.135   0.131
              CYP2D6                     -0.007                 0.038   0.045
              CYP3A4                      0.032                 0.312   0.280
пул 75 %      CYP1A2                     -0.037                 0.162   0.199
              CYP2C9                      0.006                 0.174   0.167
              CYP2D6                     -0.002                 0.119   0.121
              CYP3A4                      0.056                 0.385   0.329
