контраст докинга: (4905, 4), импутировано строк 3 (0.061%)
клинчи (аффинность > 0): 202 значений, политика 'zero' --- обнулены, поправка пункта 305
  выравнивание сверено с lig3d_index: 4902 строк со структурой

  сырое сродство против числа тяжёлых атомов (пункт 199 дал +0.283):
      CYP1A2  +0.469
      CYP2C9  -0.420
      CYP2D6  -0.612
      CYP3A4  -0.679
    сильнее всех: CYP3A4 -> предсказание пункта 298 подтверждается

  сид                  арм  фермент  подаётся   +докинг    Δранг
    4            A целевая   CYP1A2    0.5692    0.5710  +0.0018
    4            A целевая   CYP2C9    0.6994    0.6994  +0.0000
    4            A целевая   CYP2D6    0.4798    0.4777  -0.0022
    4            A целевая   CYP3A4    0.8189    0.8189  +0.0000
      (973 c)
    4  B неверная изоформа   CYP1A2    0.5692    0.5698  +0.0006
    4  B неверная изоформа   CYP2C9    0.6994    0.6994  +0.0000
    4  B неверная изоформа   CYP2D6    0.4798    0.4787  -0.0011
    4  B неверная изоформа   CYP3A4    0.8189    0.8189  +0.0000
      (932 c)
    4     C ненаправленная   CYP1A2    0.5692    0.5680  -0.0012
    4     C ненаправленная   CYP2C9    0.6994    0.6994  +0.0000
    4     C ненаправленная   CYP2D6    0.4798    0.4799  +0.0001
    4     C ненаправленная   CYP3A4    0.8189    0.8189  +0.0000
      (1832 c)
    5            A целевая   CYP1A2    0.5764    0.5771  +0.0007
    5            A целевая   CYP2C9    0.6968    0.6968  +0.0000
    5            A целевая   CYP2D6    0.4808    0.4803  -0.0005
    5            A целевая   CYP3A4    0.8156    0.8156  +0.0000
      (1353 c)
    5  B неверная изоформа   CYP1A2    0.5764    0.5752  -0.0012
    5  B неверная изоформа   CYP2C9    0.6968    0.6968  +0.0000
    5  B неверная изоформа   CYP2D6    0.4808    0.4798  -0.0009
    5  B неверная изоформа   CYP3A4    0.8156    0.8156  +0.0000
      (1040 c)
    5     C ненаправленная   CYP1A2    0.5764    0.5771  +0.0007
    5     C ненаправленная   CYP2C9    0.6968    0.6968  +0.0000
    5     C ненаправленная   CYP2D6    0.4808    0.4799  -0.0009
    5     C ненаправленная   CYP3A4    0.8156    0.8156  +0.0000
      (2017 c)
    6            A целевая   CYP1A2    0.5754    0.5756  +0.0002
    6            A целевая   CYP2C9    0.6908    0.6908  +0.0000
    6            A целевая   CYP2D6    0.4794    0.4753  -0.0041
    6            A целевая   CYP3A4    0.8208    0.8208  +0.0000
      (1327 c)
    6  B неверная изоформа   CYP1A2    0.5754    0.5751  -0.0004
    6  B неверная изоформа   CYP2C9    0.6908    0.6908  +0.0000
    6  B неверная изоформа   CYP2D6    0.4794    0.4779  -0.0015
    6  B неверная изоформа   CYP3A4    0.8208    0.8208  +0.0000
      (1366 c)
    6     C ненаправленная   CYP1A2    0.5754    0.5773  +0.0019
    6     C ненаправленная   CYP2C9    0.6908    0.6908  +0.0000
    6     C ненаправленная   CYP2D6    0.4794    0.4776  -0.0018
    6     C ненаправленная   CYP3A4    0.8208    0.8208  +0.0000
      (1953 c)
    7            A целевая   CYP1A2    0.5780    0.5785  +0.0005
    7            A целевая   CYP2C9    0.6893    0.6893  +0.0000
    7            A целевая   CYP2D6    0.4711    0.4692  -0.0020
    7            A целевая   CYP3A4    0.8195    0.8195  +0.0000
      (1087 c)
    7  B неверная изоформа   CYP1A2    0.5780    0.5769  -0.0011
    7  B неверная изоформа   CYP2C9    0.6893    0.6893  +0.0000
    7  B неверная изоформа   CYP2D6    0.4711    0.4698  -0.0013
    7  B неверная изоформа   CYP3A4    0.8195    0.8195  +0.0000
      (1098 c)
    7     C ненаправленная   CYP1A2    0.5780    0.5751  -0.0030
    7     C ненаправленная   CYP2C9    0.6893    0.6893  +0.0000
    7     C ненаправленная   CYP2D6    0.4711    0.4707  -0.0004
    7     C ненаправленная   CYP3A4    0.8195    0.8195  +0.0000
      (1395 c)

                   арм  фермент  Δранг ср.       sd   знак      пол    вердикт
             A целевая   CYP1A2    +0.0008   0.0007 4/4    0.0061        нет
             A целевая   CYP2C9    +0.0000   0.0000 0/4    0.0071        нет
             A целевая   CYP2D6    -0.0022   0.0015 0/4    0.0049        нет
             A целевая   CYP3A4    +0.0000   0.0000 0/4    0.0033        нет
   B неверная изоформа   CYP1A2    -0.0005   0.0008 1/4    0.0061        нет
   B неверная изоформа   CYP2C9    +0.0000   0.0000 0/4    0.0071        нет
   B неверная изоформа   CYP2D6    -0.0012   0.0002 0/4    0.0049        нет
   B неверная изоформа   CYP3A4    +0.0000   0.0000 0/4    0.0033        нет
      C ненаправленная   CYP1A2    -0.0004   0.0021 2/4    0.0061        нет
      C ненаправленная   CYP2C9    +0.0000   0.0000 0/4    0.0071        нет
      C ненаправленная   CYP2D6    -0.0008   0.0008 1/4    0.0049        нет
      C ненаправленная   CYP3A4    +0.0000   0.0000 0/4    0.0033        нет

  === условия пункта 298 ===
  CYP1A2: A +0.0008 (знак 4/4) против B -0.0005 -> целевая бьёт неверную изоформу; порог не взят   => ОТКЛОНЕНО
  CYP2D6: A -0.0022 (знак 0/4) против B -0.0012 -> целевая НЕ бьёт неверную изоформу; порог не взят   => ОТКЛОНЕНО
  контроль стенда CYP2C9: Δ +0.000000 (обязан быть 0.000000 --- поферментный член туда не входит)
  контроль стенда CYP3A4: Δ +0.000000 (обязан быть 0.000000 --- поферментный член туда не входит)

  против дешёвого прокси (пункт 296): перекрытие +0.0017, докинг +0.0008 -> докинг НЕ бьёт перекрытие

  сохранено: /Users/nikitapolomosnov/PycharmProjects/CYPChallenge/results/logs/k97_dock_zero.json
