контраст докинга: (4905, 4), импутировано строк 3 (0.061%)
клинчи (аффинность > 0): 202 значений, политика 'keep' --- оставлены как есть, буквальный пункт 298
  выравнивание сверено с lig3d_index: 4902 строк со структурой

  сырое сродство против числа тяжёлых атомов (пункт 199 дал +0.283):
      CYP1A2  +0.469
      CYP2C9  -0.420
      CYP2D6  -0.612
      CYP3A4  -0.679
    сильнее всех: CYP3A4 -> предсказание пункта 298 подтверждается

  сид                  арм  фермент  подаётся   +докинг    Δранг
    4            A целевая   CYP1A2    0.5692    0.5684  -0.0008
    4            A целевая   CYP2C9    0.6994    0.6994  +0.0000
    4            A целевая   CYP2D6    0.4798    0.4814  +0.0016
    4            A целевая   CYP3A4    0.8189    0.8189  +0.0000
      (977 c)
    4  B неверная изоформа   CYP1A2    0.5692    0.5695  +0.0003
    4  B неверная изоформа   CYP2C9    0.6994    0.6994  +0.0000
    4  B неверная изоформа   CYP2D6    0.4798    0.4812  +0.0013
    4  B неверная изоформа   CYP3A4    0.8189    0.8189  +0.0000
      (930 c)
    4     C ненаправленная   CYP1A2    0.5692    0.5709  +0.0017
    4     C ненаправленная   CYP2C9    0.6994    0.6994  +0.0000
    4     C ненаправленная   CYP2D6    0.4798    0.4810  +0.0012
    4     C ненаправленная   CYP3A4    0.8189    0.8189  +0.0000
      (1837 c)
    5            A целевая   CYP1A2    0.5764    0.5750  -0.0014
    5            A целевая   CYP2C9    0.6968    0.6968  +0.0000
    5            A целевая   CYP2D6    0.4808    0.4813  +0.0005
    5            A целевая   CYP3A4    0.8156    0.8156  +0.0000
      (1353 c)
    5  B неверная изоформа   CYP1A2    0.5764    0.5771  +0.0007
    5  B неверная изоформа   CYP2C9    0.6968    0.6968  +0.0000
    5  B неверная изоформа   CYP2D6    0.4808    0.4821  +0.0013
    5  B неверная изоформа   CYP3A4    0.8156    0.8156  +0.0000
      (1037 c)
    5     C ненаправленная   CYP1A2    0.5764    0.5757  -0.0008
    5     C ненаправленная   CYP2C9    0.6968    0.6968  +0.0000
    5     C ненаправленная   CYP2D6    0.4808    0.4811  +0.0003
    5     C ненаправленная   CYP3A4    0.8156    0.8156  +0.0000
      (1993 c)
    6            A целевая   CYP1A2    0.5754    0.5758  +0.0004
    6            A целевая   CYP2C9    0.6908    0.6908  +0.0000
    6            A целевая   CYP2D6    0.4794    0.4758  -0.0035
    6            A целевая   CYP3A4    0.8208    0.8208  +0.0000
      (1324 c)
    6  B неверная изоформа   CYP1A2    0.5754    0.5797  +0.0042
    6  B неверная изоформа   CYP2C9    0.6908    0.6908  +0.0000
    6  B неверная изоформа   CYP2D6    0.4794    0.4778  -0.0015
    6  B неверная изоформа   CYP3A4    0.8208    0.8208  +0.0000
      (1367 c)
    6     C ненаправленная   CYP1A2    0.5754    0.5774  +0.0020
    6     C ненаправленная   CYP2C9    0.6908    0.6908  +0.0000
    6     C ненаправленная   CYP2D6    0.4794    0.4770  -0.0024
    6     C ненаправленная   CYP3A4    0.8208    0.8208  +0.0000
      (1952 c)
    7            A целевая   CYP1A2    0.5780    0.5787  +0.0007
    7            A целевая   CYP2C9    0.6893    0.6893  +0.0000
    7            A целевая   CYP2D6    0.4711    0.4722  +0.0010
    7            A целевая   CYP3A4    0.8195    0.8195  +0.0000
      (1098 c)
    7  B неверная изоформа   CYP1A2    0.5780    0.5762  -0.0018
    7  B неверная изоформа   CYP2C9    0.6893    0.6893  +0.0000
    7  B неверная изоформа   CYP2D6    0.4711    0.4707  -0.0004
    7  B неверная изоформа   CYP3A4    0.8195    0.8195  +0.0000
      (1101 c)
    7     C ненаправленная   CYP1A2    0.5780    0.5764  -0.0016
    7     C ненаправленная   CYP2C9    0.6893    0.6893  +0.0000
    7     C ненаправленная   CYP2D6    0.4711    0.4706  -0.0005
    7     C ненаправленная   CYP3A4    0.8195    0.8195  +0.0000
      (1402 c)

                   арм  фермент  Δранг ср.       sd   знак      пол    вердикт
             A целевая   CYP1A2    -0.0003   0.0010 2/4    0.0061        нет
             A целевая   CYP2C9    +0.0000   0.0000 0/4    0.0071        нет
             A целевая   CYP2D6    -0.0001   0.0023 3/4    0.0049        нет
             A целевая   CYP3A4    +0.0000   0.0000 0/4    0.0033        нет
   B неверная изоформа   CYP1A2    +0.0008   0.0025 3/4    0.0061        нет
   B неверная изоформа   CYP2C9    +0.0000   0.0000 0/4    0.0071        нет
   B неверная изоформа   CYP2D6    +0.0002   0.0014 2/4    0.0049        нет
   B неверная изоформа   CYP3A4    +0.0000   0.0000 0/4    0.0033        нет
      C ненаправленная   CYP1A2    +0.0003   0.0018 2/4    0.0061        нет
      C ненаправленная   CYP2C9    +0.0000   0.0000 0/4    0.0071        нет
      C ненаправленная   CYP2D6    -0.0003   0.0015 2/4    0.0049        нет
      C ненаправленная   CYP3A4    +0.0000   0.0000 0/4    0.0033        нет

  === условия пункта 298 ===
  CYP1A2: A -0.0003 (знак 2/4) против B +0.0008 -> целевая НЕ бьёт неверную изоформу; порог не взят   => ОТКЛОНЕНО
  CYP2D6: A -0.0001 (знак 3/4) против B +0.0002 -> целевая НЕ бьёт неверную изоформу; порог не взят   => ОТКЛОНЕНО
  контроль стенда CYP2C9: Δ +0.000000 (обязан быть 0.000000 --- поферментный член туда не входит)
  контроль стенда CYP3A4: Δ +0.000000 (обязан быть 0.000000 --- поферментный член туда не входит)

  против дешёвого прокси (пункт 296): перекрытие +0.0017, докинг -0.0003 -> докинг НЕ бьёт перекрытие

  сохранено: /Users/nikitapolomosnov/PycharmProjects/CYPChallenge/results/logs/k97_dock.json
