########## caltwo --lams 0 --seeds 0,1,2,3 --device mps ##########
X (4905, 247) (DESC+MECH) | устройство mps
  [caltwo] сид 0 lambda 0.0  макро 0.7672 rho 0.530  (75 с)
  [caltwo] сид 1 lambda 0.0  макро 0.7837 rho 0.528  (73 с)
  [caltwo] сид 2 lambda 0.0  макро 0.8099 rho 0.531  (73 с)
  [caltwo] сид 3 lambda 0.0  макро 0.7623 rho 0.528  (74 с)

 seed  lambda  CYP1A2  CYP2C9  CYP2D6  CYP3A4  MACRO  rho_CYP1A2  rho_CYP2C9  rho_CYP2D6  rho_CYP3A4  MACRO_rho
    0     0.0  0.8423  0.7008  0.9628  0.5630 0.7672       0.445       0.580       0.366       0.730      0.530
    1     0.0  0.8501  0.6959  1.0239  0.5651 0.7837       0.447       0.591       0.347       0.729      0.528
    2     0.0  0.8275  0.7065  1.1436  0.5619 0.8099       0.449       0.578       0.362       0.736      0.531
    3     0.0  0.8362  0.6965  0.9485  0.5681 0.7623       0.452       0.580       0.352       0.730      0.528

сохранено: results/preds/trunk_caltwo_lam0.json
########## caltwo3a4 --lams 0 --seeds 0,1,2,3 --device mps ##########
X (4905, 247) (DESC+MECH) | устройство mps
  [caltwo3a4] сид 0 lambda 0.0  макро 0.7672 rho 0.530  (74 с)
  [caltwo3a4] сид 1 lambda 0.0  макро 0.7837 rho 0.528  (73 с)
  [caltwo3a4] сид 2 lambda 0.0  макро 0.8099 rho 0.531  (74 с)
  [caltwo3a4] сид 3 lambda 0.0  макро 0.7623 rho 0.528  (73 с)

 seed  lambda  CYP1A2  CYP2C9  CYP2D6  CYP3A4  MACRO  rho_CYP1A2  rho_CYP2C9  rho_CYP2D6  rho_CYP3A4  MACRO_rho
    0     0.0  0.8423  0.7008  0.9628  0.5630 0.7672       0.445       0.580       0.366       0.730      0.530
    1     0.0  0.8501  0.6959  1.0239  0.5651 0.7837       0.447       0.591       0.347       0.729      0.528
    2     0.0  0.8275  0.7065  1.1436  0.5619 0.8099       0.449       0.578       0.362       0.736      0.531
    3     0.0  0.8362  0.6965  0.9485  0.5681 0.7623       0.452       0.580       0.352       0.730      0.528

сохранено: results/preds/trunk_caltwo3a4_lam0.json
########## ОБА ЗАВЕРШЕНЫ ##########
