=== ST-RAE (ниже — лучше; 1.000 = предсказание среднего) ===
    features  CYP1A2  CYP2C9  CYP2D6  CYP3A4  MACRO
          FP  0.9226  0.7940  1.0237  0.5929 0.8333
        DESC  0.8927  0.7423  1.0061  0.5875 0.8071
        MECH  1.0674  1.0496  1.0953  0.9280 1.0351
   DESC+MECH  0.8987  0.7349  0.9942  0.5705 0.7996
     FP+DESC  0.8797  0.7015  0.9927  0.5178 0.7729
FP+DESC+MECH  0.8786  0.6908  0.9803  0.5194 0.7673

=== Spearman rho ===
    features  CYP1A2  CYP2C9  CYP2D6  CYP3A4  MACRO
          FP   0.470   0.526   0.391   0.712  0.525
        DESC   0.463   0.552   0.331   0.720  0.516
        MECH   0.263   0.257   0.324   0.377  0.305
   DESC+MECH   0.456   0.560   0.384   0.732  0.533
     FP+DESC   0.497   0.583   0.351   0.764  0.549
FP+DESC+MECH   0.496   0.597   0.403   0.765  0.565

=== Парный бутстрап по соединениям: Δ ST-RAE относительно FP+DESC ===
    (отрицательное = добавление блока помогает; 2000 ресэмплов)

-- CYP1A2 --
       набор       ΔST-RAE [95% ДИ] P(хуже)
          FP +0.043 [+0.005,+0.081]   0.987
        DESC +0.013 [-0.012,+0.037]   0.846
        MECH +0.187 [+0.138,+0.240]   1.000
   DESC+MECH +0.019 [-0.005,+0.043]   0.936
FP+DESC+MECH -0.001 [-0.016,+0.014]   0.464

-- CYP2C9 --
       набор       ΔST-RAE [95% ДИ] P(хуже)
          FP +0.093 [+0.049,+0.137]   1.000
        DESC +0.041 [+0.021,+0.062]   1.000
        MECH +0.349 [+0.287,+0.414]   1.000
   DESC+MECH +0.033 [+0.010,+0.059]   0.998
FP+DESC+MECH -0.011 [-0.030,+0.009]   0.135

-- CYP2D6 --
       набор       ΔST-RAE [95% ДИ] P(хуже)
          FP +0.031 [-0.008,+0.069]   0.935
        DESC +0.013 [-0.012,+0.039]   0.855
        MECH +0.103 [+0.052,+0.153]   1.000
   DESC+MECH +0.002 [-0.029,+0.033]   0.529
FP+DESC+MECH -0.012 [-0.041,+0.017]   0.198

-- CYP3A4 --
       набор       ΔST-RAE [95% ДИ] P(хуже)
          FP +0.075 [+0.051,+0.097]   1.000
        DESC +0.069 [+0.054,+0.084]   1.000
        MECH +0.410 [+0.373,+0.449]   1.000
   DESC+MECH +0.053 [+0.037,+0.067]   1.000
FP+DESC+MECH +0.002 [-0.008,+0.011]   0.642
